// Jest Snapshot v1, https://goo.gl/fbAQLP

exports[`matches snapshot 1`] = `
<div
  className="App"
  data-testid="app-1"
>
  <div
    className="calculator"
  >
    <div
      className="display"
    >
      
       
      0
    </div>
    <div
      className="operators"
    >
      <button
        onClick={[Function]}
      >
        /
      </button>
      <button
        onClick={[Function]}
      >
        *
      </button>
      <button
        onClick={[Function]}
      >
        +
      </button>
      <button
        onClick={[Function]}
      >
        -
      </button>
      <button
        onClick={[Function]}
      >
        DEL
      </button>
    </div>
    <div
      className="digits"
    >
      <button
        onClick={[Function]}
      >
        1
      </button>
      <button
        onClick={[Function]}
      >
        2
      </button>
      <button
        onClick={[Function]}
      >
        3
      </button>
      <button
        onClick={[Function]}
      >
        4
      </button>
      <button
        onClick={[Function]}
      >
        5
      </button>
      <button
        onClick={[Function]}
      >
        6
      </button>
      <button
        onClick={[Function]}
      >
        7
      </button>
      <button
        onClick={[Function]}
      >
        8
      </button>
      <button
        onClick={[Function]}
      >
        9
      </button>
      <button
        onClick={[Function]}
      >
        0
      </button>
      <button
        onClick={[Function]}
      >
        .
      </button>
      <button
        onClick={[Function]}
      >
        =
      </button>
    </div>
  </div>
</div>
`;
